should match generic snapshot:
  1: |
    rules:
      - host: workload-release-name.example.com
        http:
          paths:
            - backend:
                service:
                  name: foo-RELEASE-NAME-workload
                  port:
                    number: 80
              path: /
              pathType: ImplementationSpecific
    tls:
      - hosts:
          - workload-release-name.example.com
        secretName: workload-release-name-tls
  2: |
    ports:
      - name: foo
        port: 80
        protocol: TCP
        targetPort: foo
    selector:
      app.kubernetes.io/instance: RELEASE-NAME
      app.kubernetes.io/name: workload
    type: ClusterIP
  3: |
    ports:
      - name: bar
        port: 443
        protocol: TCP
        targetPort: bar
    selector:
      app.kubernetes.io/instance: RELEASE-NAME
      app.kubernetes.io/name: workload
    type: ClusterIP
